// Jest Snapshot v1, https://goo.gl/fbAQLP

exports[`Loading snapshots 1`] = `
<div>
  loading...
</div>
`;
