// Jest Snapshot v1, https://goo.gl/fbAQLP

exports[`BoundProductCategories snapshots 1`] = `
<React.Memo
  categories={
    Array [
      Object {
        "id": "1",
        "title": "title 1",
      },
      Object {
        "id": "2",
        "title": "title 1",
      },
      Object {
        "id": "3",
        "title": "title 1",
      },
    ]
  }
  onSelectCategory={[Function]}
  store={
    Object {
      "clearActions": [Function],
      "dispatch": [Function],
      "getActions": [Function],
      "getState": [Function],
      "replaceReducer": [Function],
      "subscribe": [Function],
    }
  }
  storeSubscription={
    Subscription {
      "listeners": Object {
        "clear": [Function],
        "get": [Function],
        "notify": [Function],
        "subscribe": [Function],
      },
      "onStateChange": [Function],
      "parentSub": undefined,
      "store": Object {
        "clearActions": [Function],
        "dispatch": [Function],
        "getActions": [Function],
        "getState": [Function],
        "replaceReducer": [Function],
        "subscribe": [Function],
      },
      "unsubscribe": [Function],
    }
  }
/>
`;
