// Jest Snapshot v1, https://goo.gl/fbAQLP

exports[`ProductItem snapshots 1`] = `
<div>
  <input
    type="text"
    value="custom filter"
  />
</div>
`;
