// Jest Snapshot v1, https://goo.gl/fbAQLP

exports[`BoundCategoryProductList snapshots 1`] = `
<ProductList
  items={
    Array [
      Object {
        "active": false,
        "id": "1",
        "title": "title1",
      },
      Object {
        "active": false,
        "id": "2",
        "title": "title2",
      },
    ]
  }
  onSelect={[Function]}
  store={
    Object {
      "clearActions": [Function],
      "dispatch": [Function],
      "getActions": [Function],
      "getState": [Function],
      "replaceReducer": [Function],
      "subscribe": [Function],
    }
  }
  storeSubscription={
    Subscription {
      "listeners": Object {
        "clear": [Function],
        "get": [Function],
        "notify": [Function],
        "subscribe": [Function],
      },
      "onStateChange": [Function],
      "parentSub": undefined,
      "store": Object {
        "clearActions": [Function],
        "dispatch": [Function],
        "getActions": [Function],
        "getState": [Function],
        "replaceReducer": [Function],
        "subscribe": [Function],
      },
      "unsubscribe": [Function],
    }
  }
/>
`;
